// Jest Snapshot v1, https://goo.gl/fbAQLP

exports[`Buttons block when a button is shown adjusts the border radius 1`] = `
"<!-- wp:buttons -->
<div class=\\"wp-block-buttons\\"><!-- wp:button {\\"style\\":{\\"border\\":{\\"radius\\":\\"6px\\"}}} -->
<div class=\\"wp-block-button\\"><a class=\\"wp-block-button__link\\" href=\\"\\" style=\\"border-radius:6px\\">Hello</a></div>
<!-- /wp:button --></div>
<!-- /wp:buttons -->"
`;
